  鈻?Next.js 14.2.16
  - Environments: .env.local, .env

   Creating an optimized production build ...
 鉁?Compiled successfully
   Linting and checking validity of types ...
node.exe : 
所在位置 行:1 字符: 1
+ & "C:\Program Files\nodejs/node.exe" "C:\Program Files\nodejs/node_mo ...
+ ~~~~~~~~~~~~~~~~~~~~~~~~~~~~~~~~~~~~~~~~~~~~~~~~~~~~~~~~~~~~~~~~~~~~~
    + CategoryInfo          : NotSpecified: (:String) [], RemoteException
    + FullyQualifiedErrorId : NativeCommandError
 
Failed to compile.

./app/workbench/monitor/page.tsx
5:15  Error: 'ThemeProviderProps' is defined but never used.  @typescript-eslint/no-unused-vars
73:10  Error: 'Button' is not defined.  react/jsx-no-undef

info  - Need to disable some ESLint rules? Learn more here: https://nextjs.org/docs/basic-featu
res/eslint#disabling-rules
